Loading module Cryptol
Loading module Cryptol
Loading module import01_dep
Loading module import01
