Loading module Cryptol
Loading module Cryptol
Loading module r03
(nQueens : Solution 5) [0x4, 0x2, 0x0, 0x3, 0x1] = True
(nQueensProve : Solution 4) [0x2, 0x0, 0x3, 0x1] = False
