Loading module Cryptol
Loading module Cryptol
Loading module issue290
Loading module issue290bar
Assuming a = 2
0x2
0x1
0x1
