Loading module Cryptol
Loading module Cryptol
Loading module Main
Assuming a = 0
0x0
Assuming a = 2
0x2
Assuming a = 4
0x7
0x37
