Loading module Cryptol
0x1ff287ab
[0x7643183ef3572797, 0x761e5bad7e0d1e3a, 0x52b23ee35d4ff10b,
 0xb2a146e17d6b1652, 0x1f114b663c2d71d8, ...]
[[0x6c, 0x56, 0xeb, 0x21, 0x81, 0x0c, 0xa2, 0x67, 0x62, 0x93, 0x88,
  0x37, 0xe4, 0x06, 0xaa, 0x01, 0x71, 0x17, 0x7e, 0x6d, 0x81, 0x1a,
  0x49, 0xae, 0x4b, 0x68, 0x73, 0xeb, 0x80, 0xbc, 0xcf, 0x00],
 [0x35, 0x67, 0x45, 0xdc, 0x63, 0x10, 0x08, 0xde, 0x84, 0x16, 0xee,
  0x56, 0xc7, 0x53, 0x10, 0x2d, 0x8e, 0x4e, 0xac, 0x24, 0x92, 0x3b,
  0x73, 0xe0, 0xf8, 0x0e, 0x51, 0x0e, 0x78, 0x68, 0x03, 0x2e],
 [0x2a, 0xfc, 0x06, 0x6f, 0xeb, 0x50, 0x81, 0x86, 0x86, 0x85, 0x10,
  0x9e, 0x3e, 0x6a, 0x7c, 0x0d, 0xc8, 0x1a, 0x8c, 0x02, 0xfc, 0xc6,
  0xd7, 0x58, 0x74, 0xdd, 0x53, 0x3a, 0xd9, 0xe6, 0x40, 0x4f],
 [0xf8, 0xf8, 0xf6, 0x4b, 0xfb, 0xa2, 0x6f, 0x5a, 0x7c, 0x62, 0xb8,
  0xd6, 0xd3, 0x28, 0xe1, 0xfa, 0x3a, 0xee, 0x2f, 0x8d, 0xd0, 0xe1,
  0x2c, 0x4a, 0x6f, 0x27, 0x01, 0x1e, 0x64, 0xcb, 0xcd, 0xf5],
 [0x2d, 0x23, 0x8a, 0x62, 0x73, 0xc8, 0x44, 0x71, 0xda, 0x13, 0x51,
  0x2e, 0x66, 0x3d, 0xb0, 0x7c, 0xb4, 0x36, 0xdc, 0x35, 0x3b, 0xed,
  0x9d, 0xbc, 0x8f, 0x1e, 0x67, 0x2a, 0xab, 0x01, 0xdf, 0x6c],
 [0xee, 0xf2, 0xa8, 0x8b, 0xc6, 0x1a, 0x06, 0xfd, 0x6f, 0x68, 0x08,
  0x83, 0xa4, 0x12, 0x0d, 0xa9, 0xf8, 0xd7, 0xa6, 0x10, 0x90, 0x15,
  0xe3, 0xf5, 0x5c, 0x28, 0xa8, 0x9d, 0xf3, 0xba, 0xc2, 0x3d],
 [0xf6, 0xa0, 0x8a, 0x88, 0x9b, 0xb6, 0x37, 0xb4, 0xee, 0x85, 0x67,
  0xd9, 0xf9, 0x1f, 0x79, 0xfd, 0x8c, 0xe2, 0xaa, 0x86, 0x5e, 0x19,
  0x55, 0x37, 0x92, 0xb9, 0x50, 0xb7, 0xb9, 0x9c, 0xff, 0xf6],
 [0x87, 0x68, 0x8c, 0xb1, 0x5d, 0xc1, 0x3b, 0x5a, 0x35, 0xa0, 0x1d,
  0x99, 0x85, 0xde, 0x52, 0xf7, 0x9a, 0x84, 0x98, 0xcb, 0x4e, 0x3b,
  0x6d, 0xe4, 0x9c, 0x52, 0xf3, 0xa8, 0x50, 0x80, 0x24, 0x3b],
 [0x80, 0xfb, 0x6f, 0x24, 0x37, 0xfc, 0xe3, 0x26, 0x2d, 0xbc, 0x94,
  0xe7, 0xc2, 0xbd, 0x2e, 0x6b, 0xe2, 0x10, 0xff, 0x8f, 0xc0, 0x11,
  0x98, 0x63, 0x0c, 0x3d, 0x19, 0x18, 0x41, 0x4d, 0x32, 0x3c],
 [0x54, 0xc3, 0x3e, 0x5b, 0x43, 0x28, 0x53, 0xea, 0x73, 0x3c, 0x42,
  0xe7, 0x21, 0x49, 0x84, 0x66, 0x14, 0x15, 0xe5, 0xce, 0xdf, 0xf3,
  0x4a, 0x9f, 0xc5, 0xab, 0x0a, 0x35, 0x1a, 0xa6, 0x42, 0xf4],
 [0x54, 0xcd, 0x25, 0xbb, 0xea, 0x6b, 0xc1, 0x58, 0xd7, 0x50, 0xa1,
  0x07, 0x2c, 0xf2, 0xb7, 0xa8, 0x62, 0x99, 0xf0, 0xb1, 0x67, 0x5c,
  0x05, 0x79, 0x09, 0xec, 0x5c, 0xed, 0xdc, 0x5e, 0x66, 0x9d],
 [0x97, 0x45, 0x94, 0x13, 0xb7, 0xb3, 0xd3, 0x39, 0x6b, 0x15, 0x29,
  0xd4, 0x53, 0xd5, 0x7e, 0x06, 0x8c, 0xe5, 0x52, 0xb0, 0x66, 0xce,
  0x11, 0x33, 0x20, 0x86, 0x96, 0xd3, 0xa0, 0x2a, 0x7b, 0x68],
 [0x49, 0x98, 0xf2, 0x34, 0xd0, 0xfc, 0x02, 0x9f, 0xb0, 0xfc, 0x56,
  0xbe, 0xb6, 0x4c, 0xbe, 0x39, 0x31, 0x3b, 0x16, 0xd9, 0x7d, 0x90,
  0xa7, 0x15, 0x90, 0x08, 0xb2, 0x19, 0x78, 0xe7, 0xb2, 0x90],
 [0xd5, 0x88, 0x6f, 0xf7, 0x3f, 0x05, 0x69, 0x6a, 0x1e, 0x32, 0x9f,
  0xe2, 0xab, 0x92, 0x30, 0x98, 0xd7, 0xa4, 0x61, 0x12, 0x90, 0xdd,
  0x08, 0xfb, 0xe8, 0x73, 0x7a, 0x73, 0xeb, 0xc6, 0x46, 0x17],
 [0x05, 0x40, 0x47, 0x17, 0x18, 0xe9, 0xd8, 0xf8, 0x31, 0x38, 0x24,
  0x9a, 0x70, 0x57, 0x6a, 0x47, 0xdf, 0x8d, 0xbb, 0x95, 0x26, 0xf6,
  0xc3, 0x1f, 0x22, 0xe0, 0xb3, 0xbe, 0xd6, 0x59, 0xe3, 0x53],
 [0xf6, 0xf6, 0x6e, 0x4d, 0x7f, 0xdc, 0x5f, 0xdd, 0x60, 0x22, 0x3b,
  0x21, 0xb5, 0x41, 0xfb, 0xbc, 0x6e, 0x7e, 0x67, 0xa2, 0xe5, 0xc5,
  0xc3, 0x1c, 0x65, 0x61, 0x33, 0x2b, 0xd1, 0x9d, 0x3e, 0x8a]]
(0x1ff287ab, 0x79f0)
{x = 0x1c43a24d, y = 0x2785}
0x00000000
0x56058f47
