Loading module Cryptol
Loading module Cryptol
Loading module Main
property t0 Using exhaustive testing.
  0%passed 1 tests.
QED
property t1 Using random testing.
testing...  0%  1%  2%  3%  4%  5%  6%  7%  8%  9% 10% 11% 12% 13% 14% 15% 16% 17% 18% 19% 20% 21% 22% 23% 24% 25% 26% 27% 28% 29% 30% 31% 32% 33% 34% 35% 36% 37% 38% 39% 40% 41% 42% 43% 44% 45% 46% 47% 48% 49% 50% 51% 52% 53% 54% 55% 56% 57% 58% 59% 60% 61% 62% 63% 64% 65% 66% 67% 68% 69% 70% 71% 72% 73% 74% 75% 76% 77% 78% 79% 80% 81% 82% 83% 84% 85% 86% 87% 88% 89% 90% 91% 92% 93% 94% 95% 96% 97% 98% 99%passed 100 tests.
Coverage: 0.00% (100 of 2^^32 values)
property t2 Using random testing.
testing...  0%  1%  2%  3%  4%  5%  6%  7%  8%  9% 10% 11% 12% 13% 14% 15% 16% 17% 18% 19% 20% 21% 22% 23% 24% 25% 26% 27% 28% 29% 30% 31% 32% 33% 34% 35% 36% 37% 38% 39% 40% 41% 42% 43% 44% 45% 46% 47% 48% 49% 50% 51% 52% 53% 54% 55% 56% 57% 58% 59% 60% 61% 62% 63% 64% 65% 66% 67% 68% 69% 70% 71% 72% 73% 74% 75% 76% 77% 78% 79% 80% 81% 82% 83% 84% 85% 86% 87% 88% 89% 90% 91% 92% 93% 94% 95% 96% 97% 98% 99%passed 100 tests.
Coverage: 0.00% (100 of 2^^64 values)
property t0 Q.E.D.
property t1 Q.E.D.
property t2 Q.E.D.
property t0 = True
property t1 0x00000000 = True
property t2 0x00000000 0x00000000 = True
