Loading module Cryptol
Loading module Cryptol
Loading module Main
Q.E.D.
av1 0xc00001c9 0xbfffffd5 = False
Q.E.D.
