Loading module Cryptol
Assuming a = 4
[0x2, 0x4, 0x6, 0x8, 0xa, 0xc, 0xe, 0x0, 0x2, 0x4]
