Loading module Cryptol
[0x0, 0x0, 0x0, 0x0, 0x0, 0x0, 0x0, 0x0]
